
         /\      Grafana   /‾‾/  
    /\  /  \     |\  __   /  /   
   /  \/    \    | |/ /  /   ‾‾\ 
  /          \   |   (  |  (‾)  |
 / __________ \  |_|\_\  \_____/ 


     execution: local
        script: perf/scripts/register_voter_k6.js
        output: -

     scenarios: (100.00%) 1 scenario, 20 max VUs, 5m30s max duration (incl. graceful stop):
              * run: 20 looping VUs for 5m0s (gracefulStop: 30s)


running (0m01.0s), 20/20 VUs, 180 complete and 0 interrupted iterations
run    [   0% ] 20 VUs  0m01.0s/5m0s

running (0m02.0s), 20/20 VUs, 380 complete and 0 interrupted iterations
run    [   1% ] 20 VUs  0m02.0s/5m0s

running (0m03.0s), 20/20 VUs, 580 complete and 0 interrupted iterations
run    [   1% ] 20 VUs  0m03.0s/5m0s

running (0m04.0s), 20/20 VUs, 772 complete and 0 interrupted iterations
run    [   1% ] 20 VUs  0m04.0s/5m0s

running (0m05.0s), 20/20 VUs, 964 complete and 0 interrupted iterations
run    [   2% ] 20 VUs  0m05.0s/5m0s

running (0m06.0s), 20/20 VUs, 1160 complete and 0 interrupted iterations
run    [   2% ] 20 VUs  0m06.0s/5m0s

running (0m07.0s), 20/20 VUs, 1360 complete and 0 interrupted iterations
run    [   2% ] 20 VUs  0m07.0s/5m0s

running (0m08.0s), 20/20 VUs, 1560 complete and 0 interrupted iterations
run    [   3% ] 20 VUs  0m08.0s/5m0s

running (0m09.0s), 20/20 VUs, 1760 complete and 0 interrupted iterations
run    [   3% ] 20 VUs  0m09.0s/5m0s

running (0m10.0s), 20/20 VUs, 1960 complete and 0 interrupted iterations
run    [   3% ] 20 VUs  0m10.0s/5m0s

running (0m11.0s), 20/20 VUs, 2160 complete and 0 interrupted iterations
run    [   4% ] 20 VUs  0m11.0s/5m0s

running (0m12.0s), 20/20 VUs, 2360 complete and 0 interrupted iterations
run    [   4% ] 20 VUs  0m12.0s/5m0s

running (0m13.0s), 20/20 VUs, 2560 complete and 0 interrupted iterations
run    [   4% ] 20 VUs  0m13.0s/5m0s

running (0m14.0s), 20/20 VUs, 2760 complete and 0 interrupted iterations
run    [   5% ] 20 VUs  0m14.0s/5m0s

running (0m15.0s), 20/20 VUs, 2960 complete and 0 interrupted iterations
run    [   5% ] 20 VUs  0m15.0s/5m0s

running (0m16.0s), 20/20 VUs, 3160 complete and 0 interrupted iterations
run    [   5% ] 20 VUs  0m16.0s/5m0s

running (0m17.0s), 20/20 VUs, 3360 complete and 0 interrupted iterations
run    [   6% ] 20 VUs  0m17.0s/5m0s

running (0m18.0s), 20/20 VUs, 3560 complete and 0 interrupted iterations
run    [   6% ] 20 VUs  0m18.0s/5m0s

running (0m19.0s), 20/20 VUs, 3744 complete and 0 interrupted iterations
run    [   6% ] 20 VUs  0m19.0s/5m0s

running (0m20.0s), 20/20 VUs, 3940 complete and 0 interrupted iterations
run    [   7% ] 20 VUs  0m20.0s/5m0s

running (0m21.0s), 20/20 VUs, 4140 complete and 0 interrupted iterations
run    [   7% ] 20 VUs  0m21.0s/5m0s

running (0m22.0s), 20/20 VUs, 4340 complete and 0 interrupted iterations
run    [   7% ] 20 VUs  0m22.0s/5m0s

running (0m23.0s), 20/20 VUs, 4540 complete and 0 interrupted iterations
run    [   8% ] 20 VUs  0m23.0s/5m0s

running (0m24.0s), 20/20 VUs, 4740 complete and 0 interrupted iterations
run    [   8% ] 20 VUs  0m24.0s/5m0s

running (0m25.0s), 20/20 VUs, 4940 complete and 0 interrupted iterations
run    [   8% ] 20 VUs  0m25.0s/5m0s

running (0m26.0s), 20/20 VUs, 5140 complete and 0 interrupted iterations
run    [   9% ] 20 VUs  0m26.0s/5m0s

running (0m27.0s), 20/20 VUs, 5340 complete and 0 interrupted iterations
run    [   9% ] 20 VUs  0m27.0s/5m0s

running (0m28.0s), 20/20 VUs, 5540 complete and 0 interrupted iterations
run    [   9% ] 20 VUs  0m28.0s/5m0s

running (0m29.0s), 20/20 VUs, 5740 complete and 0 interrupted iterations
run    [  10% ] 20 VUs  0m29.0s/5m0s

running (0m30.0s), 20/20 VUs, 5940 complete and 0 interrupted iterations
run    [  10% ] 20 VUs  0m30.0s/5m0s

running (0m31.0s), 20/20 VUs, 6140 complete and 0 interrupted iterations
run    [  10% ] 20 VUs  0m31.0s/5m0s

running (0m32.0s), 20/20 VUs, 6340 complete and 0 interrupted iterations
run    [  11% ] 20 VUs  0m32.0s/5m0s

running (0m33.0s), 20/20 VUs, 6529 complete and 0 interrupted iterations
run    [  11% ] 20 VUs  0m33.0s/5m0s

running (0m34.0s), 20/20 VUs, 6729 complete and 0 interrupted iterations
run    [  11% ] 20 VUs  0m34.0s/5m0s

running (0m35.0s), 20/20 VUs, 6926 complete and 0 interrupted iterations
run    [  12% ] 20 VUs  0m35.0s/5m0s

running (0m36.0s), 20/20 VUs, 7124 complete and 0 interrupted iterations
run    [  12% ] 20 VUs  0m36.0s/5m0s

running (0m37.0s), 20/20 VUs, 7324 complete and 0 interrupted iterations
run    [  12% ] 20 VUs  0m37.0s/5m0s

running (0m38.0s), 20/20 VUs, 7524 complete and 0 interrupted iterations
run    [  13% ] 20 VUs  0m38.0s/5m0s

running (0m39.0s), 20/20 VUs, 7724 complete and 0 interrupted iterations
run    [  13% ] 20 VUs  0m39.0s/5m0s

running (0m40.0s), 20/20 VUs, 7924 complete and 0 interrupted iterations
run    [  13% ] 20 VUs  0m40.0s/5m0s

running (0m41.0s), 20/20 VUs, 8121 complete and 0 interrupted iterations
run    [  14% ] 20 VUs  0m41.0s/5m0s

running (0m42.0s), 20/20 VUs, 8320 complete and 0 interrupted iterations
run    [  14% ] 20 VUs  0m42.0s/5m0s

running (0m43.0s), 20/20 VUs, 8520 complete and 0 interrupted iterations
run    [  14% ] 20 VUs  0m43.0s/5m0s

running (0m44.0s), 20/20 VUs, 8720 complete and 0 interrupted iterations
run    [  15% ] 20 VUs  0m44.0s/5m0s

running (0m45.0s), 20/20 VUs, 8920 complete and 0 interrupted iterations
run    [  15% ] 20 VUs  0m45.0s/5m0s

running (0m46.0s), 20/20 VUs, 9120 complete and 0 interrupted iterations
run    [  15% ] 20 VUs  0m46.0s/5m0s

running (0m47.0s), 20/20 VUs, 9320 complete and 0 interrupted iterations
run    [  16% ] 20 VUs  0m47.0s/5m0s

running (0m48.0s), 20/20 VUs, 9520 complete and 0 interrupted iterations
run    [  16% ] 20 VUs  0m48.0s/5m0s

running (0m49.0s), 20/20 VUs, 9720 complete and 0 interrupted iterations
run    [  16% ] 20 VUs  0m49.0s/5m0s

running (0m50.0s), 20/20 VUs, 9920 complete and 0 interrupted iterations
run    [  17% ] 20 VUs  0m50.0s/5m0s

running (0m51.0s), 20/20 VUs, 10120 complete and 0 interrupted iterations
run    [  17% ] 20 VUs  0m51.0s/5m0s

running (0m52.0s), 20/20 VUs, 10320 complete and 0 interrupted iterations
run    [  17% ] 20 VUs  0m52.0s/5m0s

running (0m53.0s), 20/20 VUs, 10520 complete and 0 interrupted iterations
run    [  18% ] 20 VUs  0m53.0s/5m0s

running (0m54.0s), 20/20 VUs, 10720 complete and 0 interrupted iterations
run    [  18% ] 20 VUs  0m54.0s/5m0s

running (0m55.0s), 20/20 VUs, 10920 complete and 0 interrupted iterations
run    [  18% ] 20 VUs  0m55.0s/5m0s

running (0m56.0s), 20/20 VUs, 11120 complete and 0 interrupted iterations
run    [  19% ] 20 VUs  0m56.0s/5m0s

running (0m57.0s), 20/20 VUs, 11320 complete and 0 interrupted iterations
run    [  19% ] 20 VUs  0m57.0s/5m0s

running (0m58.0s), 20/20 VUs, 11515 complete and 0 interrupted iterations
run    [  19% ] 20 VUs  0m58.0s/5m0s

running (0m59.0s), 20/20 VUs, 11705 complete and 0 interrupted iterations
run    [  20% ] 20 VUs  0m59.0s/5m0s

running (1m00.0s), 20/20 VUs, 11905 complete and 0 interrupted iterations
run    [  20% ] 20 VUs  1m00.0s/5m0s

running (1m01.0s), 20/20 VUs, 12101 complete and 0 interrupted iterations
run    [  20% ] 20 VUs  1m01.0s/5m0s

running (1m02.0s), 20/20 VUs, 12301 complete and 0 interrupted iterations
run    [  21% ] 20 VUs  1m02.0s/5m0s

running (1m03.0s), 20/20 VUs, 12501 complete and 0 interrupted iterations
run    [  21% ] 20 VUs  1m03.0s/5m0s

running (1m04.0s), 20/20 VUs, 12701 complete and 0 interrupted iterations
run    [  21% ] 20 VUs  1m04.0s/5m0s

running (1m05.0s), 20/20 VUs, 12900 complete and 0 interrupted iterations
run    [  22% ] 20 VUs  1m05.0s/5m0s

running (1m06.0s), 20/20 VUs, 13100 complete and 0 interrupted iterations
run    [  22% ] 20 VUs  1m06.0s/5m0s

running (1m07.0s), 20/20 VUs, 13300 complete and 0 interrupted iterations
run    [  22% ] 20 VUs  1m07.0s/5m0s

running (1m08.0s), 20/20 VUs, 13500 complete and 0 interrupted iterations
run    [  23% ] 20 VUs  1m08.0s/5m0s

running (1m09.0s), 20/20 VUs, 13700 complete and 0 interrupted iterations
run    [  23% ] 20 VUs  1m09.0s/5m0s

running (1m10.0s), 20/20 VUs, 13900 complete and 0 interrupted iterations
run    [  23% ] 20 VUs  1m10.0s/5m0s

running (1m11.0s), 20/20 VUs, 14100 complete and 0 interrupted iterations
run    [  24% ] 20 VUs  1m11.0s/5m0s

running (1m12.0s), 20/20 VUs, 14300 complete and 0 interrupted iterations
run    [  24% ] 20 VUs  1m12.0s/5m0s

running (1m13.0s), 20/20 VUs, 14500 complete and 0 interrupted iterations
run    [  24% ] 20 VUs  1m13.0s/5m0s

running (1m14.0s), 20/20 VUs, 14700 complete and 0 interrupted iterations
run    [  25% ] 20 VUs  1m14.0s/5m0s

running (1m15.0s), 20/20 VUs, 14900 complete and 0 interrupted iterations
run    [  25% ] 20 VUs  1m15.0s/5m0s

running (1m16.0s), 20/20 VUs, 15100 complete and 0 interrupted iterations
run    [  25% ] 20 VUs  1m16.0s/5m0s

running (1m17.0s), 20/20 VUs, 15300 complete and 0 interrupted iterations
run    [  26% ] 20 VUs  1m17.0s/5m0s

running (1m18.0s), 20/20 VUs, 15500 complete and 0 interrupted iterations
run    [  26% ] 20 VUs  1m18.0s/5m0s

running (1m19.0s), 20/20 VUs, 15700 complete and 0 interrupted iterations
run    [  26% ] 20 VUs  1m19.0s/5m0s

running (1m20.0s), 20/20 VUs, 15900 complete and 0 interrupted iterations
run    [  27% ] 20 VUs  1m20.0s/5m0s

running (1m21.0s), 20/20 VUs, 16100 complete and 0 interrupted iterations
run    [  27% ] 20 VUs  1m21.0s/5m0s

running (1m22.0s), 20/20 VUs, 16300 complete and 0 interrupted iterations
run    [  27% ] 20 VUs  1m22.0s/5m0s

running (1m23.0s), 20/20 VUs, 16500 complete and 0 interrupted iterations
run    [  28% ] 20 VUs  1m23.0s/5m0s

running (1m24.0s), 20/20 VUs, 16697 complete and 0 interrupted iterations
run    [  28% ] 20 VUs  1m24.0s/5m0s

running (1m25.0s), 20/20 VUs, 16894 complete and 0 interrupted iterations
run    [  28% ] 20 VUs  1m25.0s/5m0s

running (1m26.0s), 20/20 VUs, 17093 complete and 0 interrupted iterations
run    [  29% ] 20 VUs  1m26.0s/5m0s

running (1m27.0s), 20/20 VUs, 17281 complete and 0 interrupted iterations
run    [  29% ] 20 VUs  1m27.0s/5m0s

running (1m28.0s), 20/20 VUs, 17480 complete and 0 interrupted iterations
run    [  29% ] 20 VUs  1m28.0s/5m0s

running (1m29.0s), 20/20 VUs, 17680 complete and 0 interrupted iterations
run    [  30% ] 20 VUs  1m29.0s/5m0s

running (1m30.0s), 20/20 VUs, 17880 complete and 0 interrupted iterations
run    [  30% ] 20 VUs  1m30.0s/5m0s

running (1m31.0s), 20/20 VUs, 18080 complete and 0 interrupted iterations
run    [  30% ] 20 VUs  1m31.0s/5m0s

running (1m32.0s), 20/20 VUs, 18280 complete and 0 interrupted iterations
run    [  31% ] 20 VUs  1m32.0s/5m0s

running (1m33.0s), 20/20 VUs, 18480 complete and 0 interrupted iterations
run    [  31% ] 20 VUs  1m33.0s/5m0s

running (1m34.0s), 20/20 VUs, 18680 complete and 0 interrupted iterations
run    [  31% ] 20 VUs  1m34.0s/5m0s

running (1m35.0s), 20/20 VUs, 18880 complete and 0 interrupted iterations
run    [  32% ] 20 VUs  1m35.0s/5m0s

running (1m36.0s), 20/20 VUs, 19080 complete and 0 interrupted iterations
run    [  32% ] 20 VUs  1m36.0s/5m0s

running (1m37.0s), 20/20 VUs, 19280 complete and 0 interrupted iterations
run    [  32% ] 20 VUs  1m37.0s/5m0s

running (1m38.0s), 20/20 VUs, 19480 complete and 0 interrupted iterations
run    [  33% ] 20 VUs  1m38.0s/5m0s

running (1m39.0s), 20/20 VUs, 19680 complete and 0 interrupted iterations
run    [  33% ] 20 VUs  1m39.0s/5m0s

running (1m40.0s), 20/20 VUs, 19880 complete and 0 interrupted iterations
run    [  33% ] 20 VUs  1m40.0s/5m0s

running (1m41.0s), 20/20 VUs, 20080 complete and 0 interrupted iterations
run    [  34% ] 20 VUs  1m41.0s/5m0s

running (1m42.0s), 20/20 VUs, 20280 complete and 0 interrupted iterations
run    [  34% ] 20 VUs  1m42.0s/5m0s

running (1m43.0s), 20/20 VUs, 20480 complete and 0 interrupted iterations
run    [  34% ] 20 VUs  1m43.0s/5m0s

running (1m44.0s), 20/20 VUs, 20680 complete and 0 interrupted iterations
run    [  35% ] 20 VUs  1m44.0s/5m0s

running (1m45.0s), 20/20 VUs, 20880 complete and 0 interrupted iterations
run    [  35% ] 20 VUs  1m45.0s/5m0s

running (1m46.0s), 20/20 VUs, 21061 complete and 0 interrupted iterations
run    [  35% ] 20 VUs  1m46.0s/5m0s

running (1m47.0s), 20/20 VUs, 21261 complete and 0 interrupted iterations
run    [  36% ] 20 VUs  1m47.0s/5m0s

running (1m48.0s), 20/20 VUs, 21461 complete and 0 interrupted iterations
run    [  36% ] 20 VUs  1m48.0s/5m0s

running (1m49.0s), 20/20 VUs, 21661 complete and 0 interrupted iterations
run    [  36% ] 20 VUs  1m49.0s/5m0s

running (1m50.0s), 20/20 VUs, 21861 complete and 0 interrupted iterations
run    [  37% ] 20 VUs  1m50.0s/5m0s

running (1m51.0s), 20/20 VUs, 22061 complete and 0 interrupted iterations
run    [  37% ] 20 VUs  1m51.0s/5m0s

running (1m52.0s), 20/20 VUs, 22261 complete and 0 interrupted iterations
run    [  37% ] 20 VUs  1m52.0s/5m0s

running (1m53.0s), 20/20 VUs, 22460 complete and 0 interrupted iterations
run    [  38% ] 20 VUs  1m53.0s/5m0s

running (1m54.0s), 20/20 VUs, 22660 complete and 0 interrupted iterations
run    [  38% ] 20 VUs  1m54.0s/5m0s

running (1m55.0s), 20/20 VUs, 22860 complete and 0 interrupted iterations
run    [  38% ] 20 VUs  1m55.0s/5m0s

running (1m56.0s), 20/20 VUs, 23060 complete and 0 interrupted iterations
run    [  39% ] 20 VUs  1m56.0s/5m0s

running (1m57.0s), 20/20 VUs, 23260 complete and 0 interrupted iterations
run    [  39% ] 20 VUs  1m57.0s/5m0s

running (1m58.0s), 20/20 VUs, 23460 complete and 0 interrupted iterations
run    [  39% ] 20 VUs  1m58.0s/5m0s

running (1m59.0s), 20/20 VUs, 23660 complete and 0 interrupted iterations
run    [  40% ] 20 VUs  1m59.0s/5m0s

running (2m00.0s), 20/20 VUs, 23860 complete and 0 interrupted iterations
run    [  40% ] 20 VUs  2m00.0s/5m0s

running (2m01.0s), 20/20 VUs, 24060 complete and 0 interrupted iterations
run    [  40% ] 20 VUs  2m01.0s/5m0s

running (2m02.0s), 20/20 VUs, 24260 complete and 0 interrupted iterations
run    [  41% ] 20 VUs  2m02.0s/5m0s

running (2m03.0s), 20/20 VUs, 24460 complete and 0 interrupted iterations
run    [  41% ] 20 VUs  2m03.0s/5m0s

running (2m04.0s), 20/20 VUs, 24660 complete and 0 interrupted iterations
run    [  41% ] 20 VUs  2m04.0s/5m0s

running (2m05.0s), 20/20 VUs, 24860 complete and 0 interrupted iterations
run    [  42% ] 20 VUs  2m05.0s/5m0s

running (2m06.0s), 20/20 VUs, 25060 complete and 0 interrupted iterations
run    [  42% ] 20 VUs  2m06.0s/5m0s

running (2m07.0s), 20/20 VUs, 25260 complete and 0 interrupted iterations
run    [  42% ] 20 VUs  2m07.0s/5m0s

running (2m08.0s), 20/20 VUs, 25460 complete and 0 interrupted iterations
run    [  43% ] 20 VUs  2m08.0s/5m0s

running (2m09.0s), 20/20 VUs, 25660 complete and 0 interrupted iterations
run    [  43% ] 20 VUs  2m09.0s/5m0s

running (2m10.0s), 20/20 VUs, 25845 complete and 0 interrupted iterations
run    [  43% ] 20 VUs  2m10.0s/5m0s

running (2m11.0s), 20/20 VUs, 26041 complete and 0 interrupted iterations
run    [  44% ] 20 VUs  2m11.0s/5m0s

running (2m12.0s), 20/20 VUs, 26241 complete and 0 interrupted iterations
run    [  44% ] 20 VUs  2m12.0s/5m0s

running (2m13.0s), 20/20 VUs, 26441 complete and 0 interrupted iterations
run    [  44% ] 20 VUs  2m13.0s/5m0s

running (2m14.0s), 20/20 VUs, 26641 complete and 0 interrupted iterations
run    [  45% ] 20 VUs  2m14.0s/5m0s

running (2m15.0s), 20/20 VUs, 26841 complete and 0 interrupted iterations
run    [  45% ] 20 VUs  2m15.0s/5m0s

running (2m16.0s), 20/20 VUs, 27040 complete and 0 interrupted iterations
run    [  45% ] 20 VUs  2m16.0s/5m0s

running (2m17.0s), 20/20 VUs, 27240 complete and 0 interrupted iterations
run    [  46% ] 20 VUs  2m17.0s/5m0s

running (2m18.0s), 20/20 VUs, 27440 complete and 0 interrupted iterations
run    [  46% ] 20 VUs  2m18.0s/5m0s

running (2m19.0s), 20/20 VUs, 27640 complete and 0 interrupted iterations
run    [  46% ] 20 VUs  2m19.0s/5m0s

running (2m20.0s), 20/20 VUs, 27840 complete and 0 interrupted iterations
run    [  47% ] 20 VUs  2m20.0s/5m0s

running (2m21.0s), 20/20 VUs, 28040 complete and 0 interrupted iterations
run    [  47% ] 20 VUs  2m21.0s/5m0s

running (2m22.0s), 20/20 VUs, 28240 complete and 0 interrupted iterations
run    [  47% ] 20 VUs  2m22.0s/5m0s

running (2m23.0s), 20/20 VUs, 28440 complete and 0 interrupted iterations
run    [  48% ] 20 VUs  2m23.0s/5m0s

running (2m24.0s), 20/20 VUs, 28640 complete and 0 interrupted iterations
run    [  48% ] 20 VUs  2m24.0s/5m0s

running (2m25.0s), 20/20 VUs, 28840 complete and 0 interrupted iterations
run    [  48% ] 20 VUs  2m25.0s/5m0s

running (2m26.0s), 20/20 VUs, 29040 complete and 0 interrupted iterations
run    [  49% ] 20 VUs  2m26.0s/5m0s

running (2m27.0s), 20/20 VUs, 29240 complete and 0 interrupted iterations
run    [  49% ] 20 VUs  2m27.0s/5m0s

running (2m28.0s), 20/20 VUs, 29432 complete and 0 interrupted iterations
run    [  49% ] 20 VUs  2m28.0s/5m0s

running (2m29.0s), 20/20 VUs, 29632 complete and 0 interrupted iterations
run    [  50% ] 20 VUs  2m29.0s/5m0s

running (2m30.0s), 20/20 VUs, 29832 complete and 0 interrupted iterations
run    [  50% ] 20 VUs  2m30.0s/5m0s

running (2m31.0s), 20/20 VUs, 30032 complete and 0 interrupted iterations
run    [  50% ] 20 VUs  2m31.0s/5m0s

running (2m32.0s), 20/20 VUs, 30231 complete and 0 interrupted iterations
run    [  51% ] 20 VUs  2m32.0s/5m0s

running (2m33.0s), 20/20 VUs, 30431 complete and 0 interrupted iterations
run    [  51% ] 20 VUs  2m33.0s/5m0s

running (2m34.0s), 20/20 VUs, 30626 complete and 0 interrupted iterations
run    [  51% ] 20 VUs  2m34.0s/5m0s

running (2m35.0s), 20/20 VUs, 30821 complete and 0 interrupted iterations
run    [  52% ] 20 VUs  2m35.0s/5m0s

running (2m36.0s), 20/20 VUs, 31021 complete and 0 interrupted iterations
run    [  52% ] 20 VUs  2m36.0s/5m0s

running (2m37.0s), 20/20 VUs, 31221 complete and 0 interrupted iterations
run    [  52% ] 20 VUs  2m37.0s/5m0s

running (2m38.0s), 20/20 VUs, 31421 complete and 0 interrupted iterations
run    [  53% ] 20 VUs  2m38.0s/5m0s

running (2m39.0s), 20/20 VUs, 31621 complete and 0 interrupted iterations
run    [  53% ] 20 VUs  2m39.0s/5m0s

running (2m40.0s), 20/20 VUs, 31820 complete and 0 interrupted iterations
run    [  53% ] 20 VUs  2m40.0s/5m0s

running (2m41.0s), 20/20 VUs, 32020 complete and 0 interrupted iterations
run    [  54% ] 20 VUs  2m41.0s/5m0s

running (2m42.0s), 20/20 VUs, 32214 complete and 0 interrupted iterations
run    [  54% ] 20 VUs  2m42.0s/5m0s

running (2m43.0s), 20/20 VUs, 32414 complete and 0 interrupted iterations
run    [  54% ] 20 VUs  2m43.0s/5m0s

running (2m44.0s), 20/20 VUs, 32614 complete and 0 interrupted iterations
run    [  55% ] 20 VUs  2m44.0s/5m0s

running (2m45.0s), 20/20 VUs, 32814 complete and 0 interrupted iterations
run    [  55% ] 20 VUs  2m45.0s/5m0s

running (2m46.0s), 20/20 VUs, 33014 complete and 0 interrupted iterations
run    [  55% ] 20 VUs  2m46.0s/5m0s

running (2m47.0s), 20/20 VUs, 33214 complete and 0 interrupted iterations
run    [  56% ] 20 VUs  2m47.0s/5m0s

running (2m48.0s), 20/20 VUs, 33414 complete and 0 interrupted iterations
run    [  56% ] 20 VUs  2m48.0s/5m0s

running (2m49.0s), 20/20 VUs, 33614 complete and 0 interrupted iterations
run    [  56% ] 20 VUs  2m49.0s/5m0s

running (2m50.0s), 20/20 VUs, 33814 complete and 0 interrupted iterations
run    [  57% ] 20 VUs  2m50.0s/5m0s

running (2m51.0s), 20/20 VUs, 34014 complete and 0 interrupted iterations
run    [  57% ] 20 VUs  2m51.0s/5m0s

running (2m52.0s), 20/20 VUs, 34213 complete and 0 interrupted iterations
run    [  57% ] 20 VUs  2m52.0s/5m0s

running (2m53.0s), 20/20 VUs, 34412 complete and 0 interrupted iterations
run    [  58% ] 20 VUs  2m53.0s/5m0s

running (2m54.0s), 20/20 VUs, 34612 complete and 0 interrupted iterations
run    [  58% ] 20 VUs  2m54.0s/5m0s

running (2m55.0s), 20/20 VUs, 34812 complete and 0 interrupted iterations
run    [  58% ] 20 VUs  2m55.0s/5m0s

running (2m56.0s), 20/20 VUs, 35006 complete and 0 interrupted iterations
run    [  59% ] 20 VUs  2m56.0s/5m0s

running (2m57.0s), 20/20 VUs, 35206 complete and 0 interrupted iterations
run    [  59% ] 20 VUs  2m57.0s/5m0s

running (2m58.0s), 20/20 VUs, 35405 complete and 0 interrupted iterations
run    [  59% ] 20 VUs  2m58.0s/5m0s

running (2m59.0s), 20/20 VUs, 35605 complete and 0 interrupted iterations
run    [  60% ] 20 VUs  2m59.0s/5m0s

running (3m00.0s), 20/20 VUs, 35805 complete and 0 interrupted iterations
run    [  60% ] 20 VUs  3m00.0s/5m0s

running (3m01.0s), 20/20 VUs, 36004 complete and 0 interrupted iterations
run    [  60% ] 20 VUs  3m01.0s/5m0s

running (3m02.0s), 20/20 VUs, 36202 complete and 0 interrupted iterations
run    [  61% ] 20 VUs  3m02.0s/5m0s

running (3m03.0s), 20/20 VUs, 36401 complete and 0 interrupted iterations
run    [  61% ] 20 VUs  3m03.0s/5m0s

running (3m04.0s), 20/20 VUs, 36601 complete and 0 interrupted iterations
run    [  61% ] 20 VUs  3m04.0s/5m0s

running (3m05.0s), 20/20 VUs, 36801 complete and 0 interrupted iterations
run    [  62% ] 20 VUs  3m05.0s/5m0s

running (3m06.0s), 20/20 VUs, 37001 complete and 0 interrupted iterations
run    [  62% ] 20 VUs  3m06.0s/5m0s

running (3m07.0s), 20/20 VUs, 37199 complete and 0 interrupted iterations
run    [  62% ] 20 VUs  3m07.0s/5m0s

running (3m08.0s), 20/20 VUs, 37395 complete and 0 interrupted iterations
run    [  63% ] 20 VUs  3m08.0s/5m0s

running (3m09.0s), 20/20 VUs, 37595 complete and 0 interrupted iterations
run    [  63% ] 20 VUs  3m09.0s/5m0s

running (3m10.0s), 20/20 VUs, 37794 complete and 0 interrupted iterations
run    [  63% ] 20 VUs  3m10.0s/5m0s

running (3m11.0s), 20/20 VUs, 37994 complete and 0 interrupted iterations
run    [  64% ] 20 VUs  3m11.0s/5m0s

running (3m12.0s), 20/20 VUs, 38194 complete and 0 interrupted iterations
run    [  64% ] 20 VUs  3m12.0s/5m0s

running (3m13.0s), 20/20 VUs, 38394 complete and 0 interrupted iterations
run    [  64% ] 20 VUs  3m13.0s/5m0s

running (3m14.0s), 20/20 VUs, 38594 complete and 0 interrupted iterations
run    [  65% ] 20 VUs  3m14.0s/5m0s

running (3m15.0s), 20/20 VUs, 38794 complete and 0 interrupted iterations
run    [  65% ] 20 VUs  3m15.0s/5m0s

running (3m16.0s), 20/20 VUs, 38993 complete and 0 interrupted iterations
run    [  65% ] 20 VUs  3m16.0s/5m0s

running (3m17.0s), 20/20 VUs, 39183 complete and 0 interrupted iterations
run    [  66% ] 20 VUs  3m17.0s/5m0s

running (3m18.0s), 20/20 VUs, 39382 complete and 0 interrupted iterations
run    [  66% ] 20 VUs  3m18.0s/5m0s

running (3m19.0s), 20/20 VUs, 39582 complete and 0 interrupted iterations
run    [  66% ] 20 VUs  3m19.0s/5m0s

running (3m20.0s), 20/20 VUs, 39782 complete and 0 interrupted iterations
run    [  67% ] 20 VUs  3m20.0s/5m0s

running (3m21.0s), 20/20 VUs, 39982 complete and 0 interrupted iterations
run    [  67% ] 20 VUs  3m21.0s/5m0s

running (3m22.0s), 20/20 VUs, 40182 complete and 0 interrupted iterations
run    [  67% ] 20 VUs  3m22.0s/5m0s

running (3m23.0s), 20/20 VUs, 40382 complete and 0 interrupted iterations
run    [  68% ] 20 VUs  3m23.0s/5m0s

running (3m24.0s), 20/20 VUs, 40582 complete and 0 interrupted iterations
run    [  68% ] 20 VUs  3m24.0s/5m0s

running (3m25.0s), 20/20 VUs, 40782 complete and 0 interrupted iterations
run    [  68% ] 20 VUs  3m25.0s/5m0s

running (3m26.0s), 20/20 VUs, 40982 complete and 0 interrupted iterations
run    [  69% ] 20 VUs  3m26.0s/5m0s

running (3m27.0s), 20/20 VUs, 41182 complete and 0 interrupted iterations
run    [  69% ] 20 VUs  3m27.0s/5m0s

running (3m28.0s), 20/20 VUs, 41375 complete and 0 interrupted iterations
run    [  69% ] 20 VUs  3m28.0s/5m0s

running (3m29.0s), 20/20 VUs, 41575 complete and 0 interrupted iterations
run    [  70% ] 20 VUs  3m29.0s/5m0s

running (3m30.0s), 20/20 VUs, 41775 complete and 0 interrupted iterations
run    [  70% ] 20 VUs  3m30.0s/5m0s

running (3m31.0s), 20/20 VUs, 41974 complete and 0 interrupted iterations
run    [  70% ] 20 VUs  3m31.0s/5m0s

running (3m32.0s), 20/20 VUs, 42174 complete and 0 interrupted iterations
run    [  71% ] 20 VUs  3m32.0s/5m0s

running (3m33.0s), 20/20 VUs, 42374 complete and 0 interrupted iterations
run    [  71% ] 20 VUs  3m33.0s/5m0s

running (3m34.0s), 20/20 VUs, 42574 complete and 0 interrupted iterations
run    [  71% ] 20 VUs  3m34.0s/5m0s

running (3m35.0s), 20/20 VUs, 42774 complete and 0 interrupted iterations
run    [  72% ] 20 VUs  3m35.0s/5m0s

running (3m36.0s), 20/20 VUs, 42974 complete and 0 interrupted iterations
run    [  72% ] 20 VUs  3m36.0s/5m0s

running (3m37.0s), 20/20 VUs, 43174 complete and 0 interrupted iterations
run    [  72% ] 20 VUs  3m37.0s/5m0s

running (3m38.0s), 20/20 VUs, 43374 complete and 0 interrupted iterations
run    [  73% ] 20 VUs  3m38.0s/5m0s

running (3m39.0s), 20/20 VUs, 43561 complete and 0 interrupted iterations
run    [  73% ] 20 VUs  3m39.0s/5m0s

running (3m40.0s), 20/20 VUs, 43755 complete and 0 interrupted iterations
run    [  73% ] 20 VUs  3m40.0s/5m0s

running (3m41.0s), 20/20 VUs, 43955 complete and 0 interrupted iterations
run    [  74% ] 20 VUs  3m41.0s/5m0s

running (3m42.0s), 20/20 VUs, 44155 complete and 0 interrupted iterations
run    [  74% ] 20 VUs  3m42.0s/5m0s

running (3m43.0s), 20/20 VUs, 44355 complete and 0 interrupted iterations
run    [  74% ] 20 VUs  3m43.0s/5m0s

running (3m44.0s), 20/20 VUs, 44555 complete and 0 interrupted iterations
run    [  75% ] 20 VUs  3m44.0s/5m0s

running (3m45.0s), 20/20 VUs, 44755 complete and 0 interrupted iterations
run    [  75% ] 20 VUs  3m45.0s/5m0s

running (3m46.0s), 20/20 VUs, 44955 complete and 0 interrupted iterations
run    [  75% ] 20 VUs  3m46.0s/5m0s

running (3m47.0s), 20/20 VUs, 45155 complete and 0 interrupted iterations
run    [  76% ] 20 VUs  3m47.0s/5m0s

running (3m48.0s), 20/20 VUs, 45355 complete and 0 interrupted iterations
run    [  76% ] 20 VUs  3m48.0s/5m0s

running (3m49.0s), 20/20 VUs, 45555 complete and 0 interrupted iterations
run    [  76% ] 20 VUs  3m49.0s/5m0s

running (3m50.0s), 20/20 VUs, 45755 complete and 0 interrupted iterations
run    [  77% ] 20 VUs  3m50.0s/5m0s

running (3m51.0s), 20/20 VUs, 45955 complete and 0 interrupted iterations
run    [  77% ] 20 VUs  3m51.0s/5m0s

running (3m52.0s), 20/20 VUs, 46155 complete and 0 interrupted iterations
run    [  77% ] 20 VUs  3m52.0s/5m0s

running (3m53.0s), 20/20 VUs, 46355 complete and 0 interrupted iterations
run    [  78% ] 20 VUs  3m53.0s/5m0s

running (3m54.0s), 20/20 VUs, 46555 complete and 0 interrupted iterations
run    [  78% ] 20 VUs  3m54.0s/5m0s

running (3m55.0s), 20/20 VUs, 46755 complete and 0 interrupted iterations
run    [  78% ] 20 VUs  3m55.0s/5m0s

running (3m56.0s), 20/20 VUs, 46954 complete and 0 interrupted iterations
run    [  79% ] 20 VUs  3m56.0s/5m0s

running (3m57.0s), 20/20 VUs, 47154 complete and 0 interrupted iterations
run    [  79% ] 20 VUs  3m57.0s/5m0s

running (3m58.0s), 20/20 VUs, 47354 complete and 0 interrupted iterations
run    [  79% ] 20 VUs  3m58.0s/5m0s

running (3m59.0s), 20/20 VUs, 47537 complete and 0 interrupted iterations
run    [  80% ] 20 VUs  3m59.0s/5m0s

running (4m00.0s), 20/20 VUs, 47736 complete and 0 interrupted iterations
run    [  80% ] 20 VUs  4m00.0s/5m0s

running (4m01.0s), 20/20 VUs, 47935 complete and 0 interrupted iterations
run    [  80% ] 20 VUs  4m01.0s/5m0s

running (4m02.0s), 20/20 VUs, 48135 complete and 0 interrupted iterations
run    [  81% ] 20 VUs  4m02.0s/5m0s

running (4m03.0s), 20/20 VUs, 48335 complete and 0 interrupted iterations
run    [  81% ] 20 VUs  4m03.0s/5m0s

running (4m04.0s), 20/20 VUs, 48535 complete and 0 interrupted iterations
run    [  81% ] 20 VUs  4m04.0s/5m0s

running (4m05.0s), 20/20 VUs, 48735 complete and 0 interrupted iterations
run    [  82% ] 20 VUs  4m05.0s/5m0s

running (4m06.0s), 20/20 VUs, 48935 complete and 0 interrupted iterations
run    [  82% ] 20 VUs  4m06.0s/5m0s

running (4m07.0s), 20/20 VUs, 49135 complete and 0 interrupted iterations
run    [  82% ] 20 VUs  4m07.0s/5m0s

running (4m08.0s), 20/20 VUs, 49335 complete and 0 interrupted iterations
run    [  83% ] 20 VUs  4m08.0s/5m0s

running (4m09.0s), 20/20 VUs, 49535 complete and 0 interrupted iterations
run    [  83% ] 20 VUs  4m09.0s/5m0s

running (4m10.0s), 20/20 VUs, 49735 complete and 0 interrupted iterations
run    [  83% ] 20 VUs  4m10.0s/5m0s

running (4m11.0s), 20/20 VUs, 49935 complete and 0 interrupted iterations
run    [  84% ] 20 VUs  4m11.0s/5m0s

running (4m12.0s), 20/20 VUs, 50135 complete and 0 interrupted iterations
run    [  84% ] 20 VUs  4m12.0s/5m0s

running (4m13.0s), 20/20 VUs, 50335 complete and 0 interrupted iterations
run    [  84% ] 20 VUs  4m13.0s/5m0s

running (4m14.0s), 20/20 VUs, 50518 complete and 0 interrupted iterations
run    [  85% ] 20 VUs  4m14.0s/5m0s

running (4m15.0s), 20/20 VUs, 50718 complete and 0 interrupted iterations
run    [  85% ] 20 VUs  4m15.0s/5m0s

running (4m16.0s), 20/20 VUs, 50918 complete and 0 interrupted iterations
run    [  85% ] 20 VUs  4m16.0s/5m0s

running (4m17.0s), 20/20 VUs, 51118 complete and 0 interrupted iterations
run    [  86% ] 20 VUs  4m17.0s/5m0s

running (4m18.0s), 20/20 VUs, 51318 complete and 0 interrupted iterations
run    [  86% ] 20 VUs  4m18.0s/5m0s

running (4m19.0s), 20/20 VUs, 51518 complete and 0 interrupted iterations
run    [  86% ] 20 VUs  4m19.0s/5m0s

running (4m20.0s), 20/20 VUs, 51718 complete and 0 interrupted iterations
run    [  87% ] 20 VUs  4m20.0s/5m0s

running (4m21.0s), 20/20 VUs, 51915 complete and 0 interrupted iterations
run    [  87% ] 20 VUs  4m21.0s/5m0s

running (4m22.0s), 20/20 VUs, 52115 complete and 0 interrupted iterations
run    [  87% ] 20 VUs  4m22.0s/5m0s

running (4m23.0s), 20/20 VUs, 52315 complete and 0 interrupted iterations
run    [  88% ] 20 VUs  4m23.0s/5m0s

running (4m24.0s), 20/20 VUs, 52515 complete and 0 interrupted iterations
run    [  88% ] 20 VUs  4m24.0s/5m0s

running (4m25.0s), 20/20 VUs, 52715 complete and 0 interrupted iterations
run    [  88% ] 20 VUs  4m25.0s/5m0s

running (4m26.0s), 20/20 VUs, 52915 complete and 0 interrupted iterations
run    [  89% ] 20 VUs  4m26.0s/5m0s

running (4m27.0s), 20/20 VUs, 53115 complete and 0 interrupted iterations
run    [  89% ] 20 VUs  4m27.0s/5m0s

running (4m28.0s), 20/20 VUs, 53313 complete and 0 interrupted iterations
run    [  89% ] 20 VUs  4m28.0s/5m0s

running (4m29.0s), 20/20 VUs, 53498 complete and 0 interrupted iterations
run    [  90% ] 20 VUs  4m29.0s/5m0s

running (4m30.0s), 20/20 VUs, 53698 complete and 0 interrupted iterations
run    [  90% ] 20 VUs  4m30.0s/5m0s

running (4m31.0s), 20/20 VUs, 53898 complete and 0 interrupted iterations
run    [  90% ] 20 VUs  4m31.0s/5m0s

running (4m32.0s), 20/20 VUs, 54098 complete and 0 interrupted iterations
run    [  91% ] 20 VUs  4m32.0s/5m0s

running (4m33.0s), 20/20 VUs, 54298 complete and 0 interrupted iterations
run    [  91% ] 20 VUs  4m33.0s/5m0s

running (4m34.0s), 20/20 VUs, 54498 complete and 0 interrupted iterations
run    [  91% ] 20 VUs  4m34.0s/5m0s

running (4m35.0s), 20/20 VUs, 54698 complete and 0 interrupted iterations
run    [  92% ] 20 VUs  4m35.0s/5m0s

running (4m36.0s), 20/20 VUs, 54898 complete and 0 interrupted iterations
run    [  92% ] 20 VUs  4m36.0s/5m0s

running (4m37.0s), 20/20 VUs, 55098 complete and 0 interrupted iterations
run    [  92% ] 20 VUs  4m37.0s/5m0s

running (4m38.0s), 20/20 VUs, 55298 complete and 0 interrupted iterations
run    [  93% ] 20 VUs  4m38.0s/5m0s

running (4m39.0s), 20/20 VUs, 55498 complete and 0 interrupted iterations
run    [  93% ] 20 VUs  4m39.0s/5m0s

running (4m40.0s), 20/20 VUs, 55697 complete and 0 interrupted iterations
run    [  93% ] 20 VUs  4m40.0s/5m0s

running (4m41.0s), 20/20 VUs, 55897 complete and 0 interrupted iterations
run    [  94% ] 20 VUs  4m41.0s/5m0s

running (4m42.0s), 20/20 VUs, 56095 complete and 0 interrupted iterations
run    [  94% ] 20 VUs  4m42.0s/5m0s

running (4m43.0s), 20/20 VUs, 56295 complete and 0 interrupted iterations
run    [  94% ] 20 VUs  4m43.0s/5m0s

running (4m44.0s), 20/20 VUs, 56495 complete and 0 interrupted iterations
run    [  95% ] 20 VUs  4m44.0s/5m0s
